// Jest Snapshot v1, https://goo.gl/fbAQLP

exports[`should always render add club widget 1`] = `
<div>
  <div
    class="MuiContainer-root MuiContainer-maxWidthLg"
  >
    <h2
      class="MuiTypography-root MuiTypography-h2"
    >
      Clubs
    </h2>
    <hr
      class="MuiDivider-root"
    />
    <h5
      class="MuiTypography-root MuiTypography-h5"
      style="text-align: center; padding: 5%;"
    >
      No clubs have been created yet! Please create a club to proceed.
    </h5>
    <div
      class="makeStyles-fab-9"
    >
      <button
        aria-label="add"
        class="MuiButtonBase-root MuiFab-root MuiFab-secondary"
        tabindex="0"
        type="button"
      >
        <span
          class="MuiFab-label"
        >
          <svg
            aria-hidden="true"
            class="MuiSvgIcon-root"
            focusable="false"
            viewBox="0 0 24 24"
          >
            <path
              d="M19 13h-6v6h-2v-6H5v-2h6V5h2v6h6v2z"
            />
          </svg>
        </span>
        <span
          class="MuiTouchRipple-root"
        />
      </button>
    </div>
  </div>
</div>
`;
